/Applications/XAMPP/xamppfiles/htdocs/process/compile-java-executable/temp_projects/694432461fa20_5839/appium-web/src/test/java/logincopy.java:36: error: cannot find symbol
    ServerApi serverApi = ServerApi.builder().version(ServerApiVersion.V1).build();
    ^
  symbol:   class ServerApi
  location: class logincopy

/Applications/XAMPP/xamppfiles/htdocs/process/compile-java-executable/temp_projects/694432461fa20_5839/appium-web/src/test/java/logincopy.java:36: error: cannot find symbol
    ServerApi serverApi = ServerApi.builder().version(ServerApiVersion.V1).build();
                                                      ^
  symbol:   variable ServerApiVersion
  location: class logincopy

/Applications/XAMPP/xamppfiles/htdocs/process/compile-java-executable/temp_projects/694432461fa20_5839/appium-web/src/test/java/logincopy.java:36: error: cannot find symbol
    ServerApi serverApi = ServerApi.builder().version(ServerApiVersion.V1).build();
                          ^
  symbol:   variable ServerApi
  location: class logincopy

/Applications/XAMPP/xamppfiles/htdocs/process/compile-java-executable/temp_projects/694432461fa20_5839/appium-web/src/test/java/logincopy.java:37: error: cannot find symbol
    MongoClientSettings settings = MongoClientSettings.builder().applyConnectionString(new ConnectionString(uri)).serverApi(serverApi).build();
    ^
  symbol:   class MongoClientSettings
  location: class logincopy

/Applications/XAMPP/xamppfiles/htdocs/process/compile-java-executable/temp_projects/694432461fa20_5839/appium-web/src/test/java/logincopy.java:37: error: cannot find symbol
    MongoClientSettings settings = MongoClientSettings.builder().applyConnectionString(new ConnectionString(uri)).serverApi(serverApi).build();
                                                                                           ^
  symbol:   class ConnectionString
  location: class logincopy

/Applications/XAMPP/xamppfiles/htdocs/process/compile-java-executable/temp_projects/694432461fa20_5839/appium-web/src/test/java/logincopy.java:37: error: cannot find symbol
    MongoClientSettings settings = MongoClientSettings.builder().applyConnectionString(new ConnectionString(uri)).serverApi(serverApi).build();
                                                                                                            ^
  symbol:   variable uri
  location: class logincopy

/Applications/XAMPP/xamppfiles/htdocs/process/compile-java-executable/temp_projects/694432461fa20_5839/appium-web/src/test/java/logincopy.java:37: error: cannot find symbol
    MongoClientSettings settings = MongoClientSettings.builder().applyConnectionString(new ConnectionString(uri)).serverApi(serverApi).build();
                                   ^
  symbol:   variable MongoClientSettings
  location: class logincopy
7 errors